Resolving dependencies...
Downloading packages...
  archive 4.2.0 (4.3.0 available)
  audioplayers 6.7.1 (6.8.1 available)
  audioplayers_android 5.2.1 (5.3.0 available)
  audioplayers_darwin 6.4.0 (6.5.0 available)
  audioplayers_linux 4.2.1 (4.3.0 available)
  audioplayers_platform_interface 7.1.1 (7.2.0 available)
  audioplayers_web 5.2.1 (5.3.0 available)
  audioplayers_windows 4.3.1 (4.4.1 available)
  clock 1.1.2 (1.1.3 available)
  cross_file 0.3.5+2 (0.3.5+5 available)
  dbus 0.7.15 (0.8.0 available)
  flame 1.35.1 (1.38.2 available)
  flame_audio 2.11.14 (2.12.2 available)
  flutter_local_notifications 20.1.0 (22.3.1 available)
  flutter_local_notifications_linux 7.0.0 (8.0.1 available)
  flutter_local_notifications_platform_interface 10.0.0 (12.2.0 available)
  flutter_local_notifications_windows 2.0.1 (3.1.1 available)
  flutter_native_splash 2.4.7 (2.4.8 available)
  icons_launcher 3.0.3 (3.1.0 available)
  image 4.9.2 (4.10.1 available)
  intl 0.20.2 (0.20.3 available)
  matcher 0.12.19 (0.12.20 available)
  material_color_utilities 0.13.0 (0.13.1 available)
  meta 1.17.0 (1.19.0 available)
  package_info_plus 9.0.1 (10.2.1 available)
  package_info_plus_platform_interface 3.2.1 (4.1.0 available)
  path_provider 2.1.5 (2.1.6 available)
  path_provider_android 2.2.23 (2.3.1 available)
  path_provider_foundation 2.5.1 (2.6.0 available)
  path_provider_linux 2.2.1 (2.2.2 available)
  path_provider_platform_interface 2.1.2 (2.1.3 available)
  platform 3.1.6 (3.2.0 available)
  qr 3.0.2 (4.0.0 available)
  share_plus 12.0.2 (13.3.0 available)
  share_plus_platform_interface 6.1.0 (7.2.0 available)
  shared_preferences_android 2.4.23 (2.4.28 available)
  shared_preferences_foundation 2.5.6 (2.5.7 available)
  stack_trace 1.12.1 (1.12.2 available)
  synchronized 3.4.0 (3.4.2 available)
  test_api 0.7.10 (0.7.14 available)
  timezone 0.10.1 (0.11.1 available)
  url_launcher_linux 3.2.2 (3.2.3 available)
  url_launcher_web 2.4.1 (2.4.3 available)
  url_launcher_windows 3.1.5 (3.1.6 available)
  vector_math 2.2.0 (2.4.2 available)
  wakelock_plus 1.4.0 (1.8.0 available)
  wakelock_plus_platform_interface 1.3.0 (1.7.0 available)
  webdriver 3.1.0 (3.2.0 available)
  win32 5.15.0 (6.4.0 available)
  xml 6.6.1 (7.0.1 available)
Got dependencies!
50 packages have newer versions incompatible with dependency constraints.
Try `flutter pub outdated` for more information.
00:00 +0: loading /Users/LoiTP/StudioProjects/roy/Flutter_Game_Base_Project/example/integration_test/app_boot_test.dart
Running Gradle task 'assembleDebug'...                             36.4s
✓ Built build/app/outputs/flutter-apk/app-debug.apk
Installing build/app/outputs/flutter-apk/app-debug.apk...           4.9s
00:00 +0: FEAT-46: checkpoint survives real app storage and restores on device
roy93~ app: ensureInitialized
roy93~ app: loadAppVersion start
roy93~ app: loadAppVersion done
roy93~ app: bootstrap start
roy93~ app: bootstrap done
roy93~ app: runApp done
00:03 +1: (tearDownAll)
00:03 +1: All tests passed!
